../Core/Src/main.c:106:13:delay_us	24	static
../Core/Src/main.c:119:17:ADC_to_mV	16	static
../Core/Src/main.c:123:16:mV_to_Temperature	32	static
../Core/Src/main.c:143:13:MUX_Init	8	static
../Core/Src/main.c:149:13:MUX_Enable	24	static
../Core/Src/main.c:167:13:MUX_SetChannel	24	static
../Core/Src/main.c:184:16:Calculate_Channel_Mean	32	static
../Core/Src/main.c:220:13:Calculate_Module_Mean	32	static
../Core/Src/main.c:254:1:CAN_SendTemperatureStatistics	24	static
../Core/Src/main.c:299:13:CAN_Init_Filter	48	static
../Core/Src/main.c:321:5:main	24	static
../Core/Src/main.c:357:6:SystemClock_Config	88	static
../Core/Src/main.c:390:13:MX_ADC1_Init	24	static
../Core/Src/main.c:414:13:MX_CAN_Init	8	static
../Core/Src/main.c:436:13:MX_SPI1_Init	8	static
../Core/Src/main.c:457:13:MX_GPIO_Init	40	static
../Core/Src/main.c:479:6:Error_Handler	4	static,ignoring_inline_asm
